// Jest Snapshot v1, https://goo.gl/fbAQLP

exports[`Favoritos Se muestra el componente de favoritos 1`] = `ShallowWrapper {}`;
