// Jest Snapshot v1, https://goo.gl/fbAQLP

exports[`Pruebas de search debe mostrarse correctamente 1`] = `ShallowWrapper {}`;
